2026-06-09T08:45:32.284+04:00  WARN 35784 --- [oraclequantapi] [HikariPool-1 housekeeper] com.zaxxer.hikari.pool.HikariPool        : HikariPool-1 - Thread starvation or clock leap detected (housekeeper delta=8h41m20s385ms835µs900ns).
2026-06-09T08:51:49.700+04:00  INFO 4416 --- [oraclequantapi] [main] c.o.o.OraclequantapiApplication          : Starting OraclequantapiApplication using Java 17.0.14 with PID 4416 (C:\Users\kinda\OneDrive - yay app\Desktop\Java\oraclequantapi\target\classes started by kinda in C:\Users\kinda\OneDrive - yay app\Desktop\Java\oraclequantapi)
2026-06-09T08:51:49.701+04:00 DEBUG 4416 --- [oraclequantapi] [main] c.o.o.OraclequantapiApplication          : Running with Spring Boot v3.2.5, Spring v6.1.6
2026-06-09T08:51:49.703+04:00  INFO 4416 --- [oraclequantapi] [main] c.o.o.OraclequantapiApplication          : No active profile set, falling back to 1 default profile: "default"
2026-06-09T08:51:50.531+04:00  INFO 4416 --- [oraclequantapi] [main] .s.d.r.c.RepositoryConfigurationDelegate : Bootstrapping Spring Data JPA repositories in DEFAULT mode.
2026-06-09T08:51:50.604+04:00  INFO 4416 --- [oraclequantapi] [main] .s.d.r.c.RepositoryConfigurationDelegate : Finished Spring Data repository scanning in 63 ms. Found 1 JPA repository interface.
2026-06-09T08:51:51.205+04:00  INFO 4416 --- [oraclequantapi] [main] o.s.b.w.embedded.tomcat.TomcatWebServer  : Tomcat initialized with port 8080 (http)
2026-06-09T08:51:51.220+04:00  INFO 4416 --- [oraclequantapi] [main] o.apache.catalina.core.StandardService   : Starting service [Tomcat]
2026-06-09T08:51:51.221+04:00  INFO 4416 --- [oraclequantapi] [main] o.apache.catalina.core.StandardEngine    : Starting Servlet engine: [Apache Tomcat/10.1.20]
2026-06-09T08:51:51.307+04:00  INFO 4416 --- [oraclequantapi] [main] o.a.c.c.C.[Tomcat].[localhost].[/]       : Initializing Spring embedded WebApplicationContext
2026-06-09T08:51:51.308+04:00  INFO 4416 --- [oraclequantapi] [main] w.s.c.ServletWebServerApplicationContext : Root WebApplicationContext: initialization completed in 1553 ms
2026-06-09T08:51:51.575+04:00  INFO 4416 --- [oraclequantapi] [main] o.hibernate.jpa.internal.util.LogHelper  : HHH000204: Processing PersistenceUnitInfo [name: default]
2026-06-09T08:51:51.655+04:00  INFO 4416 --- [oraclequantapi] [main] org.hibernate.Version                    : HHH000412: Hibernate ORM core version 6.4.4.Final
2026-06-09T08:51:51.698+04:00  INFO 4416 --- [oraclequantapi] [main] o.h.c.internal.RegionFactoryInitiator    : HHH000026: Second-level cache disabled
2026-06-09T08:51:52.023+04:00  INFO 4416 --- [oraclequantapi] [main] o.s.o.j.p.SpringPersistenceUnitInfo      : No LoadTimeWeaver setup: ignoring JPA class transformer
2026-06-09T08:51:52.057+04:00  INFO 4416 --- [oraclequantapi] [main] com.zaxxer.hikari.HikariDataSource       : HikariPool-1 - Starting...
2026-06-09T08:51:52.451+04:00  INFO 4416 --- [oraclequantapi] [main] com.zaxxer.hikari.pool.HikariPool        : HikariPool-1 - Added connection oracle.jdbc.driver.T4CConnection@5280688
2026-06-09T08:51:52.454+04:00  INFO 4416 --- [oraclequantapi] [main] com.zaxxer.hikari.HikariDataSource       : HikariPool-1 - Start completed.
2026-06-09T08:51:52.663+04:00  WARN 4416 --- [oraclequantapi] [main] org.hibernate.orm.deprecation            : HHH90000025: OracleDialect does not need to be specified explicitly using 'hibernate.dialect' (remove the property setting and it will be selected by default)
2026-06-09T08:51:53.763+04:00  INFO 4416 --- [oraclequantapi] [main] o.h.e.t.j.p.i.JtaPlatformInitiator       : HHH000489: No JTA platform available (set 'hibernate.transaction.jta.platform' to enable JTA platform integration)
2026-06-09T08:51:54.476+04:00  INFO 4416 --- [oraclequantapi] [main] j.LocalContainerEntityManagerFactoryBean : Initialized JPA EntityManagerFactory for persistence unit 'default'
2026-06-09T08:51:55.085+04:00  INFO 4416 --- [oraclequantapi] [main] o.s.b.w.embedded.tomcat.TomcatWebServer  : Tomcat started on port 8080 (http) with context path ''
2026-06-09T08:51:55.092+04:00  INFO 4416 --- [oraclequantapi] [main] c.o.o.OraclequantapiApplication          : Started OraclequantapiApplication in 5.983 seconds (process running for 11.221)
2026-06-09T09:11:45.804+04:00  WARN 4416 --- [oraclequantapi] [HikariPool-1 housekeeper] com.zaxxer.hikari.pool.HikariPool        : HikariPool-1 - Thread starvation or clock leap detected (housekeeper delta=9m23s364ms237µs700ns).
2026-06-09T11:25:45.551+04:00  INFO 4968 --- [oraclequantapi] [main] c.o.o.OraclequantapiApplication          : Starting OraclequantapiApplication v0.0.1-SNAPSHOT using Java 17.0.2 with PID 4968 (C:\Users\kinda\OneDrive - yay app\Desktop\Java\oraclequantapi\target\oraclequantapi-0.0.1-SNAPSHOT.jar started by kinda in C:\Users\kinda\OneDrive - yay app\Desktop\Java\oraclequantapi)
2026-06-09T11:25:45.555+04:00 DEBUG 4968 --- [oraclequantapi] [main] c.o.o.OraclequantapiApplication          : Running with Spring Boot v3.2.5, Spring v6.1.6
2026-06-09T11:25:45.556+04:00  INFO 4968 --- [oraclequantapi] [main] c.o.o.OraclequantapiApplication          : No active profile set, falling back to 1 default profile: "default"
2026-06-09T11:25:46.168+04:00  INFO 4968 --- [oraclequantapi] [main] .s.d.r.c.RepositoryConfigurationDelegate : Bootstrapping Spring Data JPA repositories in DEFAULT mode.
2026-06-09T11:25:46.223+04:00  INFO 4968 --- [oraclequantapi] [main] .s.d.r.c.RepositoryConfigurationDelegate : Finished Spring Data repository scanning in 40 ms. Found 1 JPA repository interface.
2026-06-09T11:25:46.675+04:00  INFO 4968 --- [oraclequantapi] [main] o.s.b.w.embedded.tomcat.TomcatWebServer  : Tomcat initialized with port 8080 (http)
2026-06-09T11:25:46.685+04:00  INFO 4968 --- [oraclequantapi] [main] o.apache.catalina.core.StandardService   : Starting service [Tomcat]
2026-06-09T11:25:46.686+04:00  INFO 4968 --- [oraclequantapi] [main] o.apache.catalina.core.StandardEngine    : Starting Servlet engine: [Apache Tomcat/10.1.20]
2026-06-09T11:25:46.714+04:00  INFO 4968 --- [oraclequantapi] [main] o.a.c.c.C.[Tomcat].[localhost].[/]       : Initializing Spring embedded WebApplicationContext
2026-06-09T11:25:46.715+04:00  INFO 4968 --- [oraclequantapi] [main] w.s.c.ServletWebServerApplicationContext : Root WebApplicationContext: initialization completed in 1082 ms
2026-06-09T11:25:46.992+04:00  INFO 4968 --- [oraclequantapi] [main] o.hibernate.jpa.internal.util.LogHelper  : HHH000204: Processing PersistenceUnitInfo [name: default]
2026-06-09T11:25:47.031+04:00  INFO 4968 --- [oraclequantapi] [main] org.hibernate.Version                    : HHH000412: Hibernate ORM core version 6.4.4.Final
2026-06-09T11:25:47.062+04:00  INFO 4968 --- [oraclequantapi] [main] o.h.c.internal.RegionFactoryInitiator    : HHH000026: Second-level cache disabled
2026-06-09T11:25:47.261+04:00  INFO 4968 --- [oraclequantapi] [main] o.s.o.j.p.SpringPersistenceUnitInfo      : No LoadTimeWeaver setup: ignoring JPA class transformer
2026-06-09T11:25:47.300+04:00  INFO 4968 --- [oraclequantapi] [main] com.zaxxer.hikari.HikariDataSource       : HikariPool-1 - Starting...
2026-06-09T11:25:47.650+04:00  INFO 4968 --- [oraclequantapi] [main] com.zaxxer.hikari.pool.HikariPool        : HikariPool-1 - Added connection oracle.jdbc.driver.T4CConnection@11e834ad
2026-06-09T11:25:47.653+04:00  INFO 4968 --- [oraclequantapi] [main] com.zaxxer.hikari.HikariDataSource       : HikariPool-1 - Start completed.
2026-06-09T11:25:47.785+04:00  WARN 4968 --- [oraclequantapi] [main] org.hibernate.orm.deprecation            : HHH90000025: OracleDialect does not need to be specified explicitly using 'hibernate.dialect' (remove the property setting and it will be selected by default)
2026-06-09T11:25:48.395+04:00  INFO 4968 --- [oraclequantapi] [main] o.h.e.t.j.p.i.JtaPlatformInitiator       : HHH000489: No JTA platform available (set 'hibernate.transaction.jta.platform' to enable JTA platform integration)
2026-06-09T11:25:49.112+04:00  INFO 4968 --- [oraclequantapi] [main] j.LocalContainerEntityManagerFactoryBean : Initialized JPA EntityManagerFactory for persistence unit 'default'
2026-06-09T11:25:49.666+04:00  WARN 4968 --- [oraclequantapi] [main] ConfigServletWebServerApplicationContext : Exception encountered during context initialization - cancelling refresh attempt: org.springframework.context.ApplicationContextException: Failed to start bean 'webServerStartStop'
2026-06-09T11:25:49.667+04:00  INFO 4968 --- [oraclequantapi] [main] j.LocalContainerEntityManagerFactoryBean : Closing JPA EntityManagerFactory for persistence unit 'default'
2026-06-09T11:25:49.670+04:00  INFO 4968 --- [oraclequantapi] [main] com.zaxxer.hikari.HikariDataSource       : HikariPool-1 - Shutdown initiated...
2026-06-09T11:25:49.692+04:00  INFO 4968 --- [oraclequantapi] [main] com.zaxxer.hikari.HikariDataSource       : HikariPool-1 - Shutdown completed.
2026-06-09T11:25:49.709+04:00  INFO 4968 --- [oraclequantapi] [main] .s.b.a.l.ConditionEvaluationReportLogger : 

Error starting ApplicationContext. To display the condition evaluation report re-run your application with 'debug' enabled.
2026-06-09T11:25:49.727+04:00 ERROR 4968 --- [oraclequantapi] [main] o.s.b.d.LoggingFailureAnalysisReporter   : 

***************************
APPLICATION FAILED TO START
***************************

Description:

Web server failed to start. Port 8080 was already in use.

Action:

Identify and stop the process that's listening on port 8080 or configure this application to listen on another port.

2026-06-09T11:26:49.081+04:00  INFO 26860 --- [oraclequantapi] [main] c.o.o.OraclequantapiApplication          : Starting OraclequantapiApplication v0.0.1-SNAPSHOT using Java 17.0.2 with PID 26860 (C:\Users\kinda\OneDrive - yay app\Desktop\Java\oraclequantapi\target\oraclequantapi-0.0.1-SNAPSHOT.jar started by kinda in C:\Users\kinda\OneDrive - yay app\Desktop\Java\oraclequantapi)
2026-06-09T11:26:49.084+04:00 DEBUG 26860 --- [oraclequantapi] [main] c.o.o.OraclequantapiApplication          : Running with Spring Boot v3.2.5, Spring v6.1.6
2026-06-09T11:26:49.085+04:00  INFO 26860 --- [oraclequantapi] [main] c.o.o.OraclequantapiApplication          : No active profile set, falling back to 1 default profile: "default"
2026-06-09T11:26:49.646+04:00  INFO 26860 --- [oraclequantapi] [main] .s.d.r.c.RepositoryConfigurationDelegate : Bootstrapping Spring Data JPA repositories in DEFAULT mode.
2026-06-09T11:26:49.695+04:00  INFO 26860 --- [oraclequantapi] [main] .s.d.r.c.RepositoryConfigurationDelegate : Finished Spring Data repository scanning in 40 ms. Found 1 JPA repository interface.
2026-06-09T11:26:50.175+04:00  INFO 26860 --- [oraclequantapi] [main] o.s.b.w.embedded.tomcat.TomcatWebServer  : Tomcat initialized with port 8080 (http)
2026-06-09T11:26:50.185+04:00  INFO 26860 --- [oraclequantapi] [main] o.apache.catalina.core.StandardService   : Starting service [Tomcat]
2026-06-09T11:26:50.185+04:00  INFO 26860 --- [oraclequantapi] [main] o.apache.catalina.core.StandardEngine    : Starting Servlet engine: [Apache Tomcat/10.1.20]
2026-06-09T11:26:50.213+04:00  INFO 26860 --- [oraclequantapi] [main] o.a.c.c.C.[Tomcat].[localhost].[/]       : Initializing Spring embedded WebApplicationContext
2026-06-09T11:26:50.214+04:00  INFO 26860 --- [oraclequantapi] [main] w.s.c.ServletWebServerApplicationContext : Root WebApplicationContext: initialization completed in 1065 ms
2026-06-09T11:26:50.480+04:00  INFO 26860 --- [oraclequantapi] [main] o.hibernate.jpa.internal.util.LogHelper  : HHH000204: Processing PersistenceUnitInfo [name: default]
2026-06-09T11:26:50.530+04:00  INFO 26860 --- [oraclequantapi] [main] org.hibernate.Version                    : HHH000412: Hibernate ORM core version 6.4.4.Final
2026-06-09T11:26:50.557+04:00  INFO 26860 --- [oraclequantapi] [main] o.h.c.internal.RegionFactoryInitiator    : HHH000026: Second-level cache disabled
2026-06-09T11:26:50.785+04:00  INFO 26860 --- [oraclequantapi] [main] o.s.o.j.p.SpringPersistenceUnitInfo      : No LoadTimeWeaver setup: ignoring JPA class transformer
2026-06-09T11:26:50.829+04:00  INFO 26860 --- [oraclequantapi] [main] com.zaxxer.hikari.HikariDataSource       : HikariPool-1 - Starting...
2026-06-09T11:26:51.164+04:00  INFO 26860 --- [oraclequantapi] [main] com.zaxxer.hikari.pool.HikariPool        : HikariPool-1 - Added connection oracle.jdbc.driver.T4CConnection@2fee69a1
2026-06-09T11:26:51.166+04:00  INFO 26860 --- [oraclequantapi] [main] com.zaxxer.hikari.HikariDataSource       : HikariPool-1 - Start completed.
2026-06-09T11:26:51.315+04:00  WARN 26860 --- [oraclequantapi] [main] org.hibernate.orm.deprecation            : HHH90000025: OracleDialect does not need to be specified explicitly using 'hibernate.dialect' (remove the property setting and it will be selected by default)
2026-06-09T11:26:51.910+04:00  INFO 26860 --- [oraclequantapi] [main] o.h.e.t.j.p.i.JtaPlatformInitiator       : HHH000489: No JTA platform available (set 'hibernate.transaction.jta.platform' to enable JTA platform integration)
2026-06-09T11:26:52.235+04:00  INFO 26860 --- [oraclequantapi] [main] j.LocalContainerEntityManagerFactoryBean : Initialized JPA EntityManagerFactory for persistence unit 'default'
2026-06-09T11:26:52.761+04:00  WARN 26860 --- [oraclequantapi] [main] ConfigServletWebServerApplicationContext : Exception encountered during context initialization - cancelling refresh attempt: org.springframework.context.ApplicationContextException: Failed to start bean 'webServerStartStop'
2026-06-09T11:26:52.763+04:00  INFO 26860 --- [oraclequantapi] [main] j.LocalContainerEntityManagerFactoryBean : Closing JPA EntityManagerFactory for persistence unit 'default'
2026-06-09T11:26:52.765+04:00  INFO 26860 --- [oraclequantapi] [main] com.zaxxer.hikari.HikariDataSource       : HikariPool-1 - Shutdown initiated...
2026-06-09T11:26:52.785+04:00  INFO 26860 --- [oraclequantapi] [main] com.zaxxer.hikari.HikariDataSource       : HikariPool-1 - Shutdown completed.
2026-06-09T11:26:52.796+04:00  INFO 26860 --- [oraclequantapi] [main] .s.b.a.l.ConditionEvaluationReportLogger : 

Error starting ApplicationContext. To display the condition evaluation report re-run your application with 'debug' enabled.
2026-06-09T11:26:52.825+04:00 ERROR 26860 --- [oraclequantapi] [main] o.s.b.d.LoggingFailureAnalysisReporter   : 

***************************
APPLICATION FAILED TO START
***************************

Description:

Web server failed to start. Port 8080 was already in use.

Action:

Identify and stop the process that's listening on port 8080 or configure this application to listen on another port.

2026-06-09T11:27:30.849+04:00  INFO 19592 --- [oraclequantapi] [main] c.o.o.OraclequantapiApplication          : Starting OraclequantapiApplication v0.0.1-SNAPSHOT using Java 17.0.2 with PID 19592 (C:\Users\kinda\OneDrive - yay app\Desktop\Java\oraclequantapi\target\oraclequantapi-0.0.1-SNAPSHOT.jar started by kinda in C:\Users\kinda\OneDrive - yay app\Desktop\Java\oraclequantapi)
2026-06-09T11:27:30.851+04:00 DEBUG 19592 --- [oraclequantapi] [main] c.o.o.OraclequantapiApplication          : Running with Spring Boot v3.2.5, Spring v6.1.6
2026-06-09T11:27:30.852+04:00  INFO 19592 --- [oraclequantapi] [main] c.o.o.OraclequantapiApplication          : No active profile set, falling back to 1 default profile: "default"
2026-06-09T11:27:31.466+04:00  INFO 19592 --- [oraclequantapi] [main] .s.d.r.c.RepositoryConfigurationDelegate : Bootstrapping Spring Data JPA repositories in DEFAULT mode.
2026-06-09T11:27:31.508+04:00  INFO 19592 --- [oraclequantapi] [main] .s.d.r.c.RepositoryConfigurationDelegate : Finished Spring Data repository scanning in 34 ms. Found 1 JPA repository interface.
2026-06-09T11:27:32.048+04:00  INFO 19592 --- [oraclequantapi] [main] o.s.b.w.embedded.tomcat.TomcatWebServer  : Tomcat initialized with port 8080 (http)
2026-06-09T11:27:32.060+04:00  INFO 19592 --- [oraclequantapi] [main] o.apache.catalina.core.StandardService   : Starting service [Tomcat]
2026-06-09T11:27:32.060+04:00  INFO 19592 --- [oraclequantapi] [main] o.apache.catalina.core.StandardEngine    : Starting Servlet engine: [Apache Tomcat/10.1.20]
2026-06-09T11:27:32.102+04:00  INFO 19592 --- [oraclequantapi] [main] o.a.c.c.C.[Tomcat].[localhost].[/]       : Initializing Spring embedded WebApplicationContext
2026-06-09T11:27:32.102+04:00  INFO 19592 --- [oraclequantapi] [main] w.s.c.ServletWebServerApplicationContext : Root WebApplicationContext: initialization completed in 1194 ms
2026-06-09T11:27:32.368+04:00  INFO 19592 --- [oraclequantapi] [main] o.hibernate.jpa.internal.util.LogHelper  : HHH000204: Processing PersistenceUnitInfo [name: default]
2026-06-09T11:27:32.429+04:00  INFO 19592 --- [oraclequantapi] [main] org.hibernate.Version                    : HHH000412: Hibernate ORM core version 6.4.4.Final
2026-06-09T11:27:32.456+04:00  INFO 19592 --- [oraclequantapi] [main] o.h.c.internal.RegionFactoryInitiator    : HHH000026: Second-level cache disabled
2026-06-09T11:27:32.677+04:00  INFO 19592 --- [oraclequantapi] [main] o.s.o.j.p.SpringPersistenceUnitInfo      : No LoadTimeWeaver setup: ignoring JPA class transformer
2026-06-09T11:27:32.713+04:00  INFO 19592 --- [oraclequantapi] [main] com.zaxxer.hikari.HikariDataSource       : HikariPool-1 - Starting...
2026-06-09T11:27:33.020+04:00  INFO 19592 --- [oraclequantapi] [main] com.zaxxer.hikari.pool.HikariPool        : HikariPool-1 - Added connection oracle.jdbc.driver.T4CConnection@62058742
2026-06-09T11:27:33.022+04:00  INFO 19592 --- [oraclequantapi] [main] com.zaxxer.hikari.HikariDataSource       : HikariPool-1 - Start completed.
2026-06-09T11:27:33.192+04:00  WARN 19592 --- [oraclequantapi] [main] org.hibernate.orm.deprecation            : HHH90000025: OracleDialect does not need to be specified explicitly using 'hibernate.dialect' (remove the property setting and it will be selected by default)
2026-06-09T11:27:33.778+04:00  INFO 19592 --- [oraclequantapi] [main] o.h.e.t.j.p.i.JtaPlatformInitiator       : HHH000489: No JTA platform available (set 'hibernate.transaction.jta.platform' to enable JTA platform integration)
2026-06-09T11:27:33.931+04:00  INFO 19592 --- [oraclequantapi] [main] j.LocalContainerEntityManagerFactoryBean : Initialized JPA EntityManagerFactory for persistence unit 'default'
2026-06-09T11:27:34.473+04:00  WARN 19592 --- [oraclequantapi] [main] ConfigServletWebServerApplicationContext : Exception encountered during context initialization - cancelling refresh attempt: org.springframework.context.ApplicationContextException: Failed to start bean 'webServerStartStop'
2026-06-09T11:27:34.474+04:00  INFO 19592 --- [oraclequantapi] [main] j.LocalContainerEntityManagerFactoryBean : Closing JPA EntityManagerFactory for persistence unit 'default'
2026-06-09T11:27:34.478+04:00  INFO 19592 --- [oraclequantapi] [main] com.zaxxer.hikari.HikariDataSource       : HikariPool-1 - Shutdown initiated...
2026-06-09T11:27:34.501+04:00  INFO 19592 --- [oraclequantapi] [main] com.zaxxer.hikari.HikariDataSource       : HikariPool-1 - Shutdown completed.
2026-06-09T11:27:34.513+04:00  INFO 19592 --- [oraclequantapi] [main] .s.b.a.l.ConditionEvaluationReportLogger : 

Error starting ApplicationContext. To display the condition evaluation report re-run your application with 'debug' enabled.
2026-06-09T11:27:34.529+04:00 ERROR 19592 --- [oraclequantapi] [main] o.s.b.d.LoggingFailureAnalysisReporter   : 

***************************
APPLICATION FAILED TO START
***************************

Description:

Web server failed to start. Port 8080 was already in use.

Action:

Identify and stop the process that's listening on port 8080 or configure this application to listen on another port.

